------------------------------------------------------------
TimeQuest Timing Analyzer Summary
------------------------------------------------------------

Type  : Slow 1100mV 85C Model Setup 'clk'
Slack : 13.242
TNS   : 0.000

Type  : Slow 1100mV 85C Model Hold 'clk'
Slack : 0.264
TNS   : 0.000

Type  : Slow 1100mV 85C Model Minimum Pulse Width 'clk'
Slack : 9.381
TNS   : 0.000

Type  : Slow 1100mV 0C Model Setup 'clk'
Slack : 12.985
TNS   : 0.000

Type  : Slow 1100mV 0C Model Hold 'clk'
Slack : 0.223
TNS   : 0.000

Type  : Slow 1100mV 0C Model Minimum Pulse Width 'clk'
Slack : 9.308
TNS   : 0.000

Type  : Fast 1100mV 85C Model Setup 'clk'
Slack : 16.211
TNS   : 0.000

Type  : Fast 1100mV 85C Model Hold 'clk'
Slack : 0.147
TNS   : 0.000

Type  : Fast 1100mV 85C Model Minimum Pulse Width 'clk'
Slack : 9.418
TNS   : 0.000

Type  : Fast 1100mV 0C Model Setup 'clk'
Slack : 16.364
TNS   : 0.000

Type  : Fast 1100mV 0C Model Hold 'clk'
Slack : 0.133
TNS   : 0.000

Type  : Fast 1100mV 0C Model Minimum Pulse Width 'clk'
Slack : 9.416
TNS   : 0.000

------------------------------------------------------------
